// Jest Snapshot v1, https://goo.gl/fbAQLP

exports[`testing: Example component should render correctly 1`] = `
.c0 {
  font-size: 1.333rem;
  line-height: 1.5rem;
  margin: 0;
  font-family: Nunito Sans,sans-serif;
  font-size: 1.2rem;
  line-height: 1.5rem;
}

@media (min-width:768px) {
  .c0 {
    font-size: 1.333rem;
    line-height: 1.5rem;
  }
}

@media (min-width:576px) {
  .c0 {
    margin: 24px auto;
    max-width: 1152px;
  }
}

<p
  className="c0"
>
  Example Component
</p>
`;
